// Jest Snapshot v1, https://goo.gl/fbAQLP

exports[`Home snapShot 1`] = `
<View
  onLayout={[Function]}
  style={
    Object {
      "flex": 1,
      "justifyContent": "center",
      "resizeMode": "contain",
    }
  }
>
  <View
    accessibilityIgnoresInvertColors={true}
    style={
      Object {
        "flex": 1,
        "justifyContent": "center",
        "resizeMode": "contain",
      }
    }
  >
    <Image
      accessible={true}
      focusable={true}
      onClick={[Function]}
      onResponderGrant={[Function]}
      onResponderMove={[Function]}
      onResponderRelease={[Function]}
      onResponderTerminate={[Function]}
      onResponderTerminationRequest={[Function]}
      onStartShouldSetResponder={[Function]}
      source={1}
      style={
        Array [
          Object {
            "bottom": 0,
            "left": 0,
            "position": "absolute",
            "right": 0,
            "top": 0,
          },
          Object {
            "height": undefined,
            "width": undefined,
          },
          undefined,
        ]
      }
    />
    <View
      style={
        Object {
          "alignItems": "center",
          "flex": 1,
          "justifyContent": "center",
        }
      }
    >
      <Text
        style={
          Object {
            "color": "#79C0C6",
            "fontFamily": "Roboto",
            "fontSize": 22,
            "fontStyle": "normal",
            "fontWeight": "bold",
            "lineHeight": 23,
            "position": "absolute",
            "textAlign": "center",
            "top": "50%",
            "width": "90%",
          }
        }
      >
        Welcome to Team Spirit Survey!
      </Text>
    </View>
    <View
      style={
        Object {
          "alignItems": "center",
          "flex": 1,
          "justifyContent": "center",
          "marginBottom": 50,
        }
      }
    >
      <Text
        style={
          Object {
            "color": "#fff",
            "fontFamily": "Roboto",
            "fontSize": 14,
            "fontStyle": "normal",
            "fontWeight": "normal",
            "lineHeight": 16,
            "marginBottom": 30,
            "textAlign": "center",
            "width": "90%",
          }
        }
      >
        Please, answer the following 6 questions. It will take you a couple of minutes.
      </Text>
      <Text
        style={
          Object {
            "color": "#fff",
            "fontFamily": "Roboto",
            "fontSize": 14,
            "fontStyle": "normal",
            "fontWeight": "normal",
            "lineHeight": 16,
            "textAlign": "center",
            "width": "90%",
          }
        }
      >
        But first, write the code of your team:
      </Text>
      <TextInput
        allowFontScaling={true}
        autoCapitalize="characters"
        onChangeText={[Function]}
        onFocus={[Function]}
        placeholder="My project is..."
        rejectResponderTermination={true}
        style={
          Object {
            "backgroundColor": "#fff",
            "borderRadius": 20,
            "height": 30,
            "marginBottom": 30,
            "marginTop": 30,
            "paddingLeft": 10,
            "width": "45%",
          }
        }
        underlineColorAndroid="transparent"
        value=""
      />
      <View
        accessible={true}
        focusable={true}
        isTVSelectable={true}
        onClick={[Function]}
        onResponderGrant={[Function]}
        onResponderMove={[Function]}
        onResponderRelease={[Function]}
        onResponderTerminate={[Function]}
        onResponderTerminationRequest={[Function]}
        onStartShouldSetResponder={[Function]}
        style={
          Object {
            "borderColor": "#fff",
            "borderRadius": 50,
            "borderWidth": 1,
            "height": 120,
            "opacity": 1,
            "width": 337.5,
          }
        }
      >
        <Text
          style={
            Object {
              "color": "#fff",
              "fontSize": 40,
              "paddingBottom": 21.5,
              "paddingTop": 29.5,
              "textAlign": "center",
            }
          }
        >
          Start
        </Text>
      </View>
    </View>
  </View>
</View>
`;

exports[`HomeScreen snapShot 1`] = `
<View
  onLayout={[Function]}
  style={
    Object {
      "flex": 1,
      "justifyContent": "center",
      "resizeMode": "contain",
    }
  }
>
  <View
    accessibilityIgnoresInvertColors={true}
    style={
      Object {
        "flex": 1,
        "justifyContent": "center",
        "resizeMode": "contain",
      }
    }
  >
    <Image
      accessible={true}
      focusable={true}
      onClick={[Function]}
      onResponderGrant={[Function]}
      onResponderMove={[Function]}
      onResponderRelease={[Function]}
      onResponderTerminate={[Function]}
      onResponderTerminationRequest={[Function]}
      onStartShouldSetResponder={[Function]}
      source={1}
      style={
        Array [
          Object {
            "bottom": 0,
            "left": 0,
            "position": "absolute",
            "right": 0,
            "top": 0,
          },
          Object {
            "height": undefined,
            "width": undefined,
          },
          undefined,
        ]
      }
    />
    <View
      style={
        Object {
          "alignItems": "center",
          "flex": 1,
          "justifyContent": "center",
        }
      }
    >
      <Text
        style={
          Object {
            "color": "#79C0C6",
            "fontFamily": "Roboto",
            "fontSize": 22,
            "fontStyle": "normal",
            "fontWeight": "bold",
            "lineHeight": 23,
            "position": "absolute",
            "textAlign": "center",
            "top": "50%",
            "width": "90%",
          }
        }
      >
        Welcome to Team Spirit Survey!
      </Text>
    </View>
    <View
      style={
        Object {
          "alignItems": "center",
          "flex": 1,
          "justifyContent": "center",
          "marginBottom": 50,
        }
      }
    >
      <Text
        style={
          Object {
            "color": "#fff",
            "fontFamily": "Roboto",
            "fontSize": 14,
            "fontStyle": "normal",
            "fontWeight": "normal",
            "lineHeight": 16,
            "marginBottom": 30,
            "textAlign": "center",
            "width": "90%",
          }
        }
      >
        Please, answer the following 6 questions. It will take you a couple of minutes.
      </Text>
      <Text
        style={
          Object {
            "color": "#fff",
            "fontFamily": "Roboto",
            "fontSize": 14,
            "fontStyle": "normal",
            "fontWeight": "normal",
            "lineHeight": 16,
            "textAlign": "center",
            "width": "90%",
          }
        }
      >
        But first, write the code of your team:
      </Text>
      <TextInput
        allowFontScaling={true}
        autoCapitalize="characters"
        onChangeText={[Function]}
        onFocus={[Function]}
        placeholder="My project is..."
        rejectResponderTermination={true}
        style={
          Object {
            "backgroundColor": "#fff",
            "borderRadius": 20,
            "height": 30,
            "marginBottom": 30,
            "marginTop": 30,
            "paddingLeft": 10,
            "width": "45%",
          }
        }
        underlineColorAndroid="transparent"
        value=""
      />
      <View
        accessible={true}
        focusable={true}
        isTVSelectable={true}
        onClick={[Function]}
        onResponderGrant={[Function]}
        onResponderMove={[Function]}
        onResponderRelease={[Function]}
        onResponderTerminate={[Function]}
        onResponderTerminationRequest={[Function]}
        onStartShouldSetResponder={[Function]}
        style={
          Object {
            "borderColor": "#fff",
            "borderRadius": 50,
            "borderWidth": 1,
            "height": 120,
            "opacity": 1,
            "width": 337.5,
          }
        }
      >
        <Text
          style={
            Object {
              "color": "#fff",
              "fontSize": 40,
              "paddingBottom": 21.5,
              "paddingTop": 29.5,
              "textAlign": "center",
            }
          }
        >
          Start
        </Text>
      </View>
    </View>
  </View>
</View>
`;
